Breakpoint 2 at 0x7ffff7e6f260: malloc. (2 locations)
Breakpoint 3 at 0x7ffff7e6f850: free. (2 locations)

Breakpoint 2, __GI___libc_malloc (bytes=1) at malloc.c:3023
3023	malloc.c: No such file or directory.
malloc(1) = 0x0000000000000001

Breakpoint 3, __GI___libc_free (mem=0x5555555592a0) at malloc.c:3087
3087	in malloc.c
free(0x00005555555592a0)

Breakpoint 2, __GI___libc_malloc (bytes=2) at malloc.c:3023
3023	in malloc.c
malloc(2) = 0x0000000000000002

Breakpoint 3, __GI___libc_free (mem=0x5555555592a0) at malloc.c:3087
3087	in malloc.c
free(0x00005555555592a0)

Breakpoint 2, __GI___libc_malloc (bytes=3) at malloc.c:3023
3023	in malloc.c
malloc(3) = 0x0000000000000003

Breakpoint 3, __GI___libc_free (mem=0x5555555592a0) at malloc.c:3087
3087	in malloc.c
free(0x00005555555592a0)

Breakpoint 2, __GI___libc_malloc (bytes=4) at malloc.c:3023
3023	in malloc.c
malloc(4) = 0x0000000000000004

Breakpoint 3, __GI___libc_free (mem=0x5555555592a0) at malloc.c:3087
3087	in malloc.c
free(0x00005555555592a0)

Breakpoint 2, __GI___libc_malloc (bytes=5) at malloc.c:3023
3023	in malloc.c
malloc(5) = 0x0000000000000005

Breakpoint 3, __GI___libc_free (mem=0x5555555592a0) at malloc.c:3087
3087	in malloc.c
free(0x00005555555592a0)

Breakpoint 2, __GI___libc_malloc (bytes=6) at malloc.c:3023
3023	in malloc.c
malloc(6) = 0x0000000000000006

Breakpoint 3, __GI___libc_free (mem=0x5555555592a0) at malloc.c:3087
3087	in malloc.c
free(0x00005555555592a0)

Breakpoint 2, __GI___libc_malloc (bytes=7) at malloc.c:3023
3023	in malloc.c
malloc(7) = 0x0000000000000007

Breakpoint 3, __GI___libc_free (mem=0x5555555592a0) at malloc.c:3087
3087	in malloc.c
free(0x00005555555592a0)

Breakpoint 2, __GI___libc_malloc (bytes=8) at malloc.c:3023
3023	in malloc.c
malloc(8) = 0x0000000000000008

Breakpoint 3, __GI___libc_free (mem=0x5555555592a0) at malloc.c:3087
3087	in malloc.c
free(0x00005555555592a0)

Breakpoint 2, __GI___libc_malloc (bytes=9) at malloc.c:3023
3023	in malloc.c
malloc(9) = 0x0000000000000009

Breakpoint 3, __GI___libc_free (mem=0x5555555592a0) at malloc.c:3087
3087	in malloc.c
free(0x00005555555592a0)

Breakpoint 2, __GI___libc_malloc (bytes=10) at malloc.c:3023
3023	in malloc.c
malloc(10) = 0x000000000000000a

Breakpoint 3, __GI___libc_free (mem=0x5555555592a0) at malloc.c:3087
3087	in malloc.c
free(0x00005555555592a0)
[Inferior 1 (process 291) exited normally]
No stack.
Temporary breakpoint 4 at 0x555555555198: file memtest.c, line 11.
Starting program: /newmini/TEST/a.out 

Breakpoint 2, 0x00007ffff7fec490 in malloc () from /lib64/ld-linux-x86-64.so.2
malloc(1441) = 0x00000000ffffffff

Breakpoint 2, 0x00007ffff7fec490 in malloc () from /lib64/ld-linux-x86-64.so.2
malloc(1185) = 0x00000000ffffffff

Breakpoint 2, 0x00007ffff7fec490 in malloc () from /lib64/ld-linux-x86-64.so.2
malloc(16) = 0x000000000000000f

Breakpoint 2, 0x00007ffff7fec490 in malloc () from /lib64/ld-linux-x86-64.so.2
malloc(158) = 0x000000000000001e

Breakpoint 2, 0x00007ffff7fec490 in malloc () from /lib64/ld-linux-x86-64.so.2
malloc(40) = 0x00007ffff7ffec00

Breakpoint 2, 0x00007ffff7fec490 in malloc () from /lib64/ld-linux-x86-64.so.2
malloc(320) = 0xcccccccccccccce3

Breakpoint 2, 0x00007ffff7fec490 in malloc () from /lib64/ld-linux-x86-64.so.2
malloc(32) = 0x000000000000001f

Breakpoint 3, 0x00007ffff7fec5f0 in free () from /lib64/ld-linux-x86-64.so.2
free(0x0000000000000000)

Breakpoint 2, 0x00007ffff7fec490 in malloc () from /lib64/ld-linux-x86-64.so.2
malloc(1194) = 0x00000000ffffffff

Breakpoint 2, 0x00007ffff7fec490 in malloc () from /lib64/ld-linux-x86-64.so.2
malloc(32) = 0x0000000000000020

Breakpoint 2, 0x00007ffff7fec490 in malloc () from /lib64/ld-linux-x86-64.so.2
malloc(40) = 0x0000000000000001

Breakpoint 2, 0x00007ffff7fec490 in malloc () from /lib64/ld-linux-x86-64.so.2
malloc(56) = 0x0000000000000003

Breakpoint 2, 0x00007ffff7fec490 in malloc () from /lib64/ld-linux-x86-64.so.2
malloc(72) = 0x00000000ffffffff

Breakpoint 2, 0x00007ffff7fec490 in malloc () from /lib64/ld-linux-x86-64.so.2
malloc(72) = 0x00000000ffffffff

Breakpoint 2, 0x00007ffff7fec490 in malloc () from /lib64/ld-linux-x86-64.so.2
malloc(840) = 0x00000000ffffffff

Breakpoint 2, 0x00007ffff7fec490 in malloc () from /lib64/ld-linux-x86-64.so.2
malloc(144) = 0x00000000ffffffff

Breakpoint 2, 0x00007ffff7fec490 in malloc () from /lib64/ld-linux-x86-64.so.2
malloc(1040) = 0x00000000ffffffff

Breakpoint 2, 0x00007ffff7fec490 in malloc () from /lib64/ld-linux-x86-64.so.2
malloc(4232) = 0x0000000000001040

Breakpoint 2, 0x00007ffff7fec490 in malloc () from /lib64/ld-linux-x86-64.so.2
malloc(272) = 0x00000000ffffffff

Temporary breakpoint 4, main () at memtest.c:11
11	int main(){
#0  main () at memtest.c:11
11	int main(){
No symbol "frame" in current context.
quit
